Track R execution readiness (P3 preparation)

fresh_cas_match: true
execution_authorized: false

status: awaiting_execution_handoff

[pass] lineage_snapshot_version
  v2
[warn] governance_attestation
  v2 governance candidate track-r-c403-2026-08-15T2014Z — fresh ZEUS/EVE/human attestation required
[pass] capture_binding_archive
  /home/runner/work/mobius-civic-ai-terminal/mobius-civic-ai-terminal/artifacts/C-404/track-r-lineage-v2/history/capture-2014Z
[pass] v2_governance_candidate_hashes
  b5f781f6992e6d000289ca130eba15d9150e7a2ce59c280384d57a2c149ef9fb
[pass] governance_zeus_adopt
  ZEUS_V2_ATTESTATION_SIGNED.md
[pass] governance_eve_adopt
  EVE_V2_ATTESTATION_SIGNED.md
[pass] governance_human_consent
  HUMAN_V2_CONSENT_SIGNED.md
[pass] fresh_production_kv_identity
  {"latest_seal_id":"seal-C-372-002","attested_index_count":360}
[pass] fresh_lineage_pointer_observation
  {"active_lineage_version":null,"live_canonical_pointer":null}
[pass] fresh_cas_public_api
  https://mobius-civic-ai-terminal.vercel.app
[pass] fresh_kv_identity_public_latest_seal
  kv=seal-C-372-002 public=seal-C-372-002
[pass] fresh_affected_block_set_match
  {"set_match":true,"pinned":123,"live":123,"errors":[]}
[pass] fresh_lineage_snapshot_v2
  lineage_snapshot_hash_v2=b5f781f6992e6d000289ca130eba15d9150e7a2ce59c280384d57a2c149ef9fb
[pass] fresh_lineage_snapshot_cas
  version=v2 attested=b5f781f6992e6d000289ca130eba15d9150e7a2ce59c280384d57a2c149ef9fb fresh=b5f781f6992e6d000289ca130eba15d9150e7a2ce59c280384d57a2c149ef9fb
[pass] fresh_lineage_snapshot_version
  v2
